[smschool.ihsanofficial.com/site/login.html]
[backblue.gif]
[fade.gif]
[index.html]
[smschool.ihsanofficial.com/uploads/school_content/admin_small_logo/1.png]
[smschool.ihsanofficial.com/backend/usertemplate/assets/bootstrap/css/bootstrap.min.css]
[smschool.ihsanofficial.com/backend/usertemplate/assets/font-awesome/css/font-awesome.min.css]
[smschool.ihsanofficial.com/backend/usertemplate/assets/css/form-elements.css]
[smschool.ihsanofficial.com/backend/usertemplate/assets/css/style.css]
[smschool.ihsanofficial.com/backend/usertemplate/assets/css/jquery.mCustomScrollbar.min.css]
[smschool.ihsanofficial.com/uploads/school_content/admin_logo/1.png]
[smschool.ihsanofficial.com/site/forgotpassword.html]
[smschool.ihsanofficial.com/backend/usertemplate/assets/js/jquery-1.11.1.min.js]
[smschool.ihsanofficial.com/backend/usertemplate/assets/bootstrap/js/bootstrap.min.js]
[smschool.ihsanofficial.com/backend/usertemplate/assets/js/jquery.backstretch.min.js]
[smschool.ihsanofficial.com/backend/usertemplate/assets/js/jquery.mCustomScrollbar.min.js]
[smschool.ihsanofficial.com/backend/usertemplate/assets/js/jquery.mousewheel.min.js]
[smschool.ihsanofficial.com/site/login.html]
[smschool.ihsanofficial.com/backend/usertemplate/assets/bootstrap/css/bootstrap.min.css]
[smschool.ihsanofficial.com/backend/usertemplate/assets/font-awesome/css/font-awesome.min.css]
[smschool.ihsanofficial.com/backend/usertemplate/assets/css/form-elements.css]
[smschool.ihsanofficial.com/backend/usertemplate/assets/css/style.css]
[smschool.ihsanofficial.com/backend/usertemplate/assets/css/jquery.mCustomScrollbar.min.css]
[smschool.ihsanofficial.com/site/forgotpassword.html]
